Copyright 1986-2020 Xilinx, Inc. All Rights Reserved.
-------------------------------------------------------------------------------------
| Tool Version : Vivado v.2020.1 (win64) Build 2902540 Wed May 27 19:54:49 MDT 2020
| Date         : Tue Jun 30 14:26:10 2026
| Host         : 20190748 running 64-bit major release  (build 9200)
| Command      : report_control_sets -verbose -file fpga_top_control_sets_placed.rpt
| Design       : fpga_top
| Device       : xc7z010
-------------------------------------------------------------------------------------

Control Set Information

Table of Contents
-----------------
1. Summary
2. Histogram
3. Flip-Flop Distribution
4. Detailed Control Set Information

1. Summary
----------

+----------------------------------------------------------+-------+
|                          Status                          | Count |
+----------------------------------------------------------+-------+
| Total control sets                                       |   155 |
|    Minimum number of control sets                        |   155 |
|    Addition due to synthesis replication                 |     0 |
|    Addition due to physical synthesis replication        |     0 |
| Unused register locations in slices containing registers |   326 |
+----------------------------------------------------------+-------+
* Control sets can be merged at opt_design using control_set_merge or merge_equivalent_drivers
** Run report_qor_suggestions for automated merging and remapping suggestions


2. Histogram
------------

+--------------------+-------+
|       Fanout       | Count |
+--------------------+-------+
| Total control sets |   155 |
| >= 0 to < 4        |     2 |
| >= 4 to < 6        |    26 |
| >= 6 to < 8        |     3 |
| >= 8 to < 10       |     7 |
| >= 10 to < 12      |     3 |
| >= 12 to < 14      |     5 |
| >= 14 to < 16      |    19 |
| >= 16              |    90 |
+--------------------+-------+
* Control sets can be remapped at either synth_design or opt_design


3. Flip-Flop Distribution
-------------------------

+--------------+-----------------------+------------------------+-----------------+--------------+
| Clock Enable | Synchronous Set/Reset | Asynchronous Set/Reset | Total Registers | Total Slices |
+--------------+-----------------------+------------------------+-----------------+--------------+
| No           | No                    | No                     |             200 |           74 |
| No           | No                    | Yes                    |              37 |           13 |
| No           | Yes                   | No                     |             478 |          163 |
| Yes          | No                    | No                     |            1192 |          332 |
| Yes          | No                    | Yes                    |             248 |           86 |
| Yes          | Yes                   | No                     |            2223 |          794 |
+--------------+-----------------------+------------------------+-----------------+--------------+


4. Detailed Control Set Information
-----------------------------------

+------------------------------------------------+----------------------------------------------------------------------------------------------------------------------------------------------------+-------------------------------------------------------------------------------------------------------------------------+------------------+----------------+--------------+
|                  Clock Signal                  |                                                                    Enable Signal                                                                   |                                                     Set/Reset Signal                                                    | Slice Load Count | Bel Load Count | Bels / Slice |
+------------------------------------------------+----------------------------------------------------------------------------------------------------------------------------------------------------+-------------------------------------------------------------------------------------------------------------------------+------------------+----------------+--------------+
|  dac_axi_clk                                   |                                                                                                                                                    |                                                                                                                         |                1 |              1 |         1.00 |
|  ps/system_i/processing_system7/inst/FCLK_CLK3 | ps/system_i/axi_protocol_converter_0/inst/gen_axilite.gen_b2s_conv.axilite_b2s/WR.b_channel_0/bid_fifo_0/bresp_push                                |                                                                                                                         |                1 |              2 |         2.00 |
|  adc_clk                                       | ps/axi_master_0/axi_awpop                                                                                                                          | detector_timestamp/i_timestamp_logic/SR[0]                                                                              |                1 |              4 |         4.00 |
|  dac_axi_clk                                   | ps/axi_master_2/axi_wpop                                                                                                                           | ps/axi_master_2/dac_axi_rstn_reg                                                                                        |                1 |              4 |         4.00 |
|  dac_axi_clk                                   | ps/axi_master_2/axi_awpop                                                                                                                          | ps/axi_master_2/dac_axi_rstn_reg                                                                                        |                1 |              4 |         4.00 |
|  dac_axi_clk                                   | ps/axi_master_3/axi_awpop                                                                                                                          | ps/axi_master_2/dac_axi_rstn_reg                                                                                        |                1 |              4 |         4.00 |
|  dac_axi_clk                                   | ps/axi_master_3/axi_rfill_lvl[3]_i_1__2_n_0                                                                                                        | ps/axi_master_2/dac_axi_rstn_reg                                                                                        |                1 |              4 |         4.00 |
|  adc_clk                                       | sys_bus_interconnect/for_bus[1].inst_sys_bus_cdc/reg_write_reg_1[0]                                                                                | detector_timestamp/i_timestamp_logic/SR[0]                                                                              |                1 |              4 |         4.00 |
|  adc_clk                                       | sys_bus_interconnect/for_bus[5].inst_sys_bus_cdc/bus_m\\.addr_reg[3]_0[0]                                                                          | pid_test_instance/i_piezo_soft_output/SR[0]                                                                             |                2 |              4 |         2.00 |
|  dac_axi_clk                                   | ps/axi_master_3/axi_wpop                                                                                                                           | ps/axi_master_2/dac_axi_rstn_reg                                                                                        |                1 |              4 |         4.00 |
|  adc_clk                                       | ps/axi_master_0/axi_wpop                                                                                                                           | detector_timestamp/i_timestamp_logic/SR[0]                                                                              |                1 |              4 |         4.00 |
|  dac_axi_clk                                   | ps/axi_master_2/axi_rfill_lvl[3]_i_1__1_n_0                                                                                                        | ps/axi_master_2/dac_axi_rstn_reg                                                                                        |                1 |              4 |         4.00 |
|  adc_clk                                       | ps/axi_master_0/axi_rfill_lvl[3]_i_1_n_0                                                                                                           | detector_timestamp/i_timestamp_logic/SR[0]                                                                              |                2 |              4 |         2.00 |
|  adc_clk                                       | ps/axi_master_1/axi_awpop                                                                                                                          | detector_timestamp/i_timestamp_logic/SR[0]                                                                              |                2 |              4 |         2.00 |
|  adc_clk                                       |                                                                                                                                                    | i_sys_ctrl/mode_o_reg[1]_1                                                                                              |                1 |              4 |         4.00 |
|  adc_clk                                       | ps/axi_master_1/axi_rfill_lvl[3]_i_1__0_n_0                                                                                                        | detector_timestamp/i_timestamp_logic/SR[0]                                                                              |                3 |              4 |         1.33 |
|  adc_clk                                       | detector_timestamp/i_timestamp_filter/work_count[3]_i_1_n_0                                                                                        |                                                                                                                         |                1 |              4 |         4.00 |
|  adc_clk                                       | ps/axi_master_1/axi_wpop                                                                                                                           | detector_timestamp/i_timestamp_logic/SR[0]                                                                              |                2 |              4 |         2.00 |
|  ps/system_i/processing_system7/inst/FCLK_CLK3 |                                                                                                                                                    | ps/system_i/axi_protocol_converter_0/inst/gen_axilite.gen_b2s_conv.axilite_b2s/SI_REG/aw.aw_pipe/aresetn_d_reg[0]_0     |                2 |              4 |         2.00 |
|  ps/system_i/processing_system7/inst/FCLK_CLK3 |                                                                                                                                                    | ps/system_i/axi_protocol_converter_0/inst/gen_axilite.gen_b2s_conv.axilite_b2s/SI_REG/ar.ar_pipe/aresetn_d_reg[1]_inv_0 |                3 |              4 |         1.33 |
|  ps/system_i/processing_system7/inst/FCLK_CLK3 | ps/system_i/xadc/inst/AXI_XADC_CORE_I/D[6]                                                                                                         | ps/system_i/xadc/inst/AXI_LITE_IPIF_I/I_SLAVE_ATTACHMENT/reset2ip_reset                                                 |                2 |              4 |         2.00 |
|  adc_clk                                       | detector_timestamp/i_timestamp_logic/peak_count_internal[3]_i_1_n_0                                                                                | i_sys_ctrl/mode_o_reg[0]_2[0]                                                                                           |                1 |              4 |         4.00 |
|  ps/system_i/processing_system7/inst/FCLK_CLK3 |                                                                                                                                                    | ps/system_i/axi_register_slice_0/inst/w.w_pipe/p_0_in                                                                   |                2 |              5 |         2.50 |
|  ps/system_i/processing_system7/inst/FCLK_CLK3 | ps/system_i/axi_protocol_converter_0/inst/gen_axilite.gen_b2s_conv.axilite_b2s/RD.r_channel_0/transaction_fifo_0/cnt_read[4]_i_1__0_n_0            | ps/system_i/axi_protocol_converter_0/inst/gen_axilite.gen_b2s_conv.axilite_b2s/areset_d1                                |                2 |              5 |         2.50 |
|  ps/O[0]                                       | ps/axi_slave_gp0/ack_cnt[5]_i_2_n_0                                                                                                                | ps/axi_slave_gp0/ack_cnt[5]                                                                                             |                1 |              5 |         5.00 |
|  ps/system_i/processing_system7/inst/FCLK_CLK3 |                                                                                                                                                    | ps/system_i/proc_sys_reset/U0/EXT_LPF/lpf_int                                                                           |                3 |              5 |         1.67 |
|  ps/system_i/processing_system7/inst/FCLK_CLK3 |                                                                                                                                                    | ps/system_i/axi_register_slice_0/inst/aw.aw_pipe/p_1_in                                                                 |                2 |              5 |         2.50 |
|  ps/system_i/processing_system7/inst/FCLK_CLK3 | ps/system_i/axi_protocol_converter_0/inst/gen_axilite.gen_b2s_conv.axilite_b2s/RD.r_channel_0/rd_data_fifo_0/cnt_read[4]_i_1_n_0                   | ps/system_i/axi_protocol_converter_0/inst/gen_axilite.gen_b2s_conv.axilite_b2s/areset_d1                                |                1 |              5 |         5.00 |
|  ps/system_i/processing_system7/inst/FCLK_CLK3 | ps/system_i/proc_sys_reset/U0/SEQ/seq_cnt_en                                                                                                       | ps/system_i/proc_sys_reset/U0/SEQ/SEQ_COUNTER/clear                                                                     |                2 |              6 |         3.00 |
|  adc_clk                                       | pll/E[0]                                                                                                                                           | pll/SR[0]                                                                                                               |                2 |              7 |         3.50 |
|  ps/system_i/processing_system7/inst/FCLK_CLK3 |                                                                                                                                                    | ps/system_i/xadc/inst/AXI_LITE_IPIF_I/I_SLAVE_ATTACHMENT/dpto_cnt0                                                      |                2 |              7 |         3.50 |
|  adc_clk                                       | sys_bus_interconnect/for_bus[0].inst_sys_bus_cdc/reg_write_reg_0[0]                                                                                | detector_timestamp/i_timestamp_logic/SR[0]                                                                              |                4 |              8 |         2.00 |
|  adc_clk                                       | sys_bus_interconnect/for_bus[0].inst_sys_bus_cdc/reg_write_reg_1[0]                                                                                | detector_timestamp/i_timestamp_logic/SR[0]                                                                              |                2 |              8 |         4.00 |
|  dac_axi_clk                                   |                                                                                                                                                    | ps/axi_master_2/dac_axi_rstn_reg                                                                                        |                5 |              8 |         1.60 |
|  adc_clk                                       | sys_bus_interconnect/for_bus[0].inst_sys_bus_cdc/bus_m\\.addr_reg[2]_0[0]                                                                          | detector_timestamp/i_timestamp_logic/SR[0]                                                                              |                3 |              8 |         2.67 |
|  ps/system_i/processing_system7/inst/FCLK_CLK3 | ps/system_i/axi_protocol_converter_0/inst/gen_axilite.gen_b2s_conv.axilite_b2s/WR.b_channel_0/mhandshake_r                                         | ps/system_i/axi_protocol_converter_0/inst/gen_axilite.gen_b2s_conv.axilite_b2s/WR.b_channel_0/bid_fifo_0/SR[0]          |                3 |              8 |         2.67 |
|  adc_clk                                       | sys_bus_interconnect/for_bus[0].inst_sys_bus_cdc/bus_m\\.addr_reg[3]_0[0]                                                                          | detector_timestamp/i_timestamp_logic/SR[0]                                                                              |                3 |              8 |         2.67 |
|  adc_clk                                       | i_hk/sel                                                                                                                                           | detector_timestamp/i_timestamp_logic/SR[0]                                                                              |                2 |              9 |         4.50 |
|  adc_clk                                       | detector_timestamp/i_timestamp_filter/idx[3]_i_2_n_0                                                                                               | i_sys_ctrl/adc_rstn_reg_0                                                                                               |                3 |             10 |         3.33 |
|  ps/system_i/processing_system7/inst/FCLK_CLK3 |                                                                                                                                                    | ps/system_i/axi_protocol_converter_0/inst/gen_axilite.gen_b2s_conv.axilite_b2s/areset_d1                                |                4 |             10 |         2.50 |
|  ps/O[0]                                       |                                                                                                                                                    |                                                                                                                         |                7 |             11 |         1.57 |
|  ps/system_i/processing_system7/inst/FCLK_CLK3 | ps/system_i/axi_protocol_converter_0/inst/gen_axilite.gen_b2s_conv.axilite_b2s/RD.ar_channel_0/ar_cmd_fsm_0/sel_first_reg[0]                       |                                                                                                                         |                3 |             12 |         4.00 |
|  ps/system_i/processing_system7/inst/FCLK_CLK3 | ps/system_i/axi_protocol_converter_0/inst/gen_axilite.gen_b2s_conv.axilite_b2s/RD.ar_channel_0/ar_cmd_fsm_0/E[0]                                   |                                                                                                                         |                4 |             12 |         3.00 |
|  ps/system_i/processing_system7/inst/FCLK_CLK3 | ps/system_i/axi_protocol_converter_0/inst/gen_axilite.gen_b2s_conv.axilite_b2s/WR.aw_channel_0/cmd_translator_0/incr_cmd_0/axaddr_incr[11]_i_1_n_0 |                                                                                                                         |                3 |             12 |         4.00 |
|  ps/system_i/processing_system7/inst/FCLK_CLK3 | ps/system_i/axi_protocol_converter_0/inst/gen_axilite.gen_b2s_conv.axilite_b2s/WR.aw_channel_0/aw_cmd_fsm_0/FSM_sequential_state_reg[1]_0[0]       |                                                                                                                         |                6 |             12 |         2.00 |
|  ps/system_i/processing_system7/inst/FCLK_CLK3 | ps/system_i/axi_protocol_converter_0/inst/gen_axilite.gen_b2s_conv.axilite_b2s/RD.r_channel_0/r_push_r                                             |                                                                                                                         |                4 |             13 |         3.25 |
|  adc_clk                                       | sys_bus_interconnect/for_bus[5].inst_sys_bus_cdc/bus_m\\.addr_reg[3]_1[0]                                                                          | pid_test_instance/i_piezo_soft_output/SR[0]                                                                             |                7 |             14 |         2.00 |
|  adc_clk                                       | sys_bus_interconnect/for_bus[5].inst_sys_bus_cdc/bus_m\\.addr_reg[4]_1[0]                                                                          | pid_test_instance/i_piezo_soft_output/SR[0]                                                                             |                5 |             14 |         2.80 |
|  adc_clk                                       | pid_test_instance/i_piezo_soft_output/dac_out_o[0]_i_1__0_n_0                                                                                      | pid_test_instance/i_piezo_soft_output/SR[0]                                                                             |                4 |             14 |         3.50 |
|  adc_clk                                       | pid_test_instance/i_piezo_soft_output/safe_target[13]_i_1_n_0                                                                                      | pid_test_instance/i_piezo_soft_output/SR[0]                                                                             |                7 |             14 |         2.00 |
|  adc_clk                                       | sys_bus_interconnect/for_bus[5].inst_sys_bus_cdc/bus_m\\.addr_reg[2]_0[0]                                                                          | pid_test_instance/i_piezo_soft_output/SR[0]                                                                             |                4 |             14 |         3.50 |
|  ps/system_i/processing_system7/inst/FCLK_CLK3 | ps/system_i/axi_protocol_converter_0/inst/gen_axilite.gen_b2s_conv.axilite_b2s/SI_REG/b.b_pipe/p_1_in                                              |                                                                                                                         |                3 |             14 |         4.67 |
|  ps/system_i/processing_system7/inst/FCLK_CLK3 | ps/system_i/axi_protocol_converter_0/inst/gen_axilite.gen_b2s_conv.axilite_b2s/SI_REG/b.b_pipe/s_ready_i_reg_0                                     |                                                                                                                         |                4 |             14 |         3.50 |
|  ps/system_i/processing_system7/inst/FCLK_CLK3 | ps/system_i/axi_register_slice_0/inst/b.b_pipe/m_payload_i[13]_i_1_n_0                                                                             |                                                                                                                         |                5 |             14 |         2.80 |
|  adc_clk                                       | generator_ramp/i_ramp_logic/dac_dat_o[13]_i_1_n_0                                                                                                  | detector_timestamp/i_timestamp_logic/SR[0]                                                                              |               12 |             14 |         1.17 |
|  adc_clk                                       | pid_test_instance/i_pid_logic/dac_out_o[13]_i_1_n_0                                                                                                | i_sys_ctrl/mode_o_reg[1]_1                                                                                              |                5 |             14 |         2.80 |
|  adc_clk                                       |                                                                                                                                                    | generator_ramp/i_ramp_logic/delta_v_reg[13]_i_1_n_0                                                                     |                4 |             14 |         3.50 |
|  adc_clk                                       | sys_bus_interconnect/for_bus[3].inst_sys_bus_cdc/bus_m\\.addr_reg[5]_1[0]                                                                          | detector_timestamp/i_timestamp_logic/SR[0]                                                                              |                5 |             14 |         2.80 |
|  adc_clk                                       | sys_bus_interconnect/for_bus[2].inst_sys_bus_cdc/bus_m\\.addr_reg[5]_0[0]                                                                          | detector_timestamp/i_timestamp_logic/SR[0]                                                                              |                5 |             14 |         2.80 |
|  adc_clk                                       | sys_bus_interconnect/for_bus[2].inst_sys_bus_cdc/reg_write_reg_0[0]                                                                                | detector_timestamp/i_timestamp_logic/SR[0]                                                                              |                6 |             14 |         2.33 |
|  adc_clk                                       | sys_bus_interconnect/for_bus[4].inst_sys_bus_cdc/reg_write_reg_5[0]                                                                                | detector_timestamp/i_timestamp_logic/SR[0]                                                                              |                6 |             14 |         2.33 |
|  adc_clk                                       | sys_bus_interconnect/for_bus[4].inst_sys_bus_cdc/reg_write_reg_4[0]                                                                                | detector_timestamp/i_timestamp_logic/SR[0]                                                                              |                3 |             14 |         4.67 |
|  adc_clk                                       | sys_bus_interconnect/for_bus[5].inst_sys_bus_cdc/bus_m\\.addr_reg[2]_1[0]                                                                          | pid_test_instance/i_piezo_soft_output/SR[0]                                                                             |                5 |             14 |         2.80 |
|  adc_clk                                       | sys_bus_interconnect/for_bus[5].inst_sys_bus_cdc/bus_m\\.addr_reg[4]_0[0]                                                                          | pid_test_instance/i_piezo_soft_output/SR[0]                                                                             |                5 |             14 |         2.80 |
|  adc_clk                                       | sys_bus_interconnect/for_bus[5].inst_sys_bus_cdc/bus_m\\.addr_reg[5]_0[0]                                                                          | pid_test_instance/i_piezo_soft_output/SR[0]                                                                             |                6 |             14 |         2.33 |
|  ps/system_i/processing_system7/inst/FCLK_CLK3 | ps/system_i/axi_protocol_converter_0/inst/gen_axilite.gen_b2s_conv.axilite_b2s/WR.b_channel_0/bid_fifo_0/sel                                       |                                                                                                                         |                3 |             16 |         5.33 |
|  ps/system_i/processing_system7/inst/FCLK_CLK3 |                                                                                                                                                    | ps/system_i/xadc/inst/AXI_XADC_CORE_I/do_reg[15]_i_1_n_0                                                                |                4 |             16 |         4.00 |
|  adc_clk                                       | sys_bus_interconnect/for_bus[0].inst_sys_bus_cdc/E[0]                                                                                              | detector_timestamp/i_timestamp_logic/SR[0]                                                                              |                4 |             16 |         4.00 |
|  ps/system_i/processing_system7/inst/FCLK_CLK3 | ps/system_i/xadc/inst/AXI_LITE_IPIF_I/I_SLAVE_ATTACHMENT/I_DECODER/E[0]                                                                            | ps/system_i/xadc/inst/AXI_LITE_IPIF_I/I_SLAVE_ATTACHMENT/reset2ip_reset                                                 |                3 |             17 |         5.67 |
|  adc_clk                                       |                                                                                                                                                    | i_sys_ctrl/mode_o_reg[0]_2[0]                                                                                           |                7 |             18 |         2.57 |
|  ps/system_i/processing_system7/inst/FCLK_CLK3 | ps/system_i/axi_protocol_converter_0/inst/gen_axilite.gen_b2s_conv.axilite_b2s/RD.r_channel_0/rd_data_fifo_0/wr_en0                                |                                                                                                                         |                6 |             20 |         3.33 |
|  ps/system_i/processing_system7/inst/FCLK_CLK3 | ps/system_i/xadc/inst/AXI_LITE_IPIF_I/I_SLAVE_ATTACHMENT/s_axi_rresp_i                                                                             | ps/system_i/xadc/inst/AXI_LITE_IPIF_I/I_SLAVE_ATTACHMENT/SR[0]                                                          |                6 |             20 |         3.33 |
|  ps/system_i/processing_system7/inst/FCLK_CLK3 | ps/system_i/axi_register_slice_0/inst/w.w_pipe/p_1_in_0                                                                                            |                                                                                                                         |                5 |             22 |         4.40 |
|  ps/system_i/processing_system7/inst/FCLK_CLK3 | ps/system_i/axi_register_slice_0/inst/w.w_pipe/s_ready_i_reg_0                                                                                     |                                                                                                                         |                5 |             22 |         4.40 |
|  ps/system_i/processing_system7/inst/FCLK_CLK3 | ps/system_i/axi_protocol_converter_0/inst/gen_axilite.gen_b2s_conv.axilite_b2s/RD.ar_channel_0/ar_cmd_fsm_0/m_valid_i_reg[0]                       |                                                                                                                         |               10 |             24 |         2.40 |
|  ps/system_i/processing_system7/inst/FCLK_CLK3 | ps/system_i/axi_protocol_converter_0/inst/gen_axilite.gen_b2s_conv.axilite_b2s/WR.aw_channel_0/aw_cmd_fsm_0/E[0]                                   |                                                                                                                         |               11 |             24 |         2.18 |
|  adc_clk                                       | sys_bus_interconnect/for_bus[1].inst_sys_bus_cdc/bus_m\\.addr0                                                                                     |                                                                                                                         |                5 |             24 |         4.80 |
|  ps/system_i/processing_system7/inst/FCLK_CLK3 | ps/system_i/xadc/inst/AXI_LITE_IPIF_I/I_SLAVE_ATTACHMENT/I_DECODER/start                                                                           | ps/system_i/xadc/inst/AXI_LITE_IPIF_I/I_SLAVE_ATTACHMENT/I_DECODER/cs_ce_clr                                            |                9 |             25 |         2.78 |
|  ps/system_i/processing_system7/inst/FCLK_CLK3 |                                                                                                                                                    | ps/system_i/xadc/inst/AXI_LITE_IPIF_I/I_SLAVE_ATTACHMENT/SR[0]                                                          |                7 |             26 |         3.71 |
|  adc_clk                                       | sys_bus_interconnect/for_bus[0].inst_sys_bus_cdc/bus_m\\.addr0                                                                                     |                                                                                                                         |                8 |             28 |         3.50 |
|  adc_clk                                       | i_hk/i_freq_meter/mes_freq_ltch0                                                                                                                   | detector_timestamp/i_timestamp_logic/SR[0]                                                                              |                6 |             29 |         4.83 |
|  adc_clk                                       |                                                                                                                                                    | i_hk/i_freq_meter/mes_freq_cnt[0]_i_1_n_0                                                                               |                8 |             29 |         3.62 |
|  dac_clk_1x                                    |                                                                                                                                                    |                                                                                                                         |               12 |             29 |         2.42 |
|  ps/O[0]                                       |                                                                                                                                                    | i_hk/i_freq_meter/ref_cnt0                                                                                              |                8 |             32 |         4.00 |
|  adc_clk                                       | detector_timestamp/i_timestamp_logic/ts_2_int                                                                                                      | i_sys_ctrl/mode_o_reg[0]_2[0]                                                                                           |                5 |             32 |         6.40 |
|  ps/O[0]                                       | ps/axi_slave_gp0/wr_wdata                                                                                                                          |                                                                                                                         |                7 |             32 |         4.57 |
|  ps/system_i/processing_system7/inst/FCLK_CLK3 | ps/system_i/axi_protocol_converter_0/inst/gen_axilite.gen_b2s_conv.axilite_b2s/WR.b_channel_0/bid_fifo_0/E[0]                                      |                                                                                                                         |                7 |             32 |         4.57 |
|  adc_clk                                       | detector_timestamp/i_timestamp_logic/ts_1_int[31]_i_1_n_0                                                                                          | i_sys_ctrl/mode_o_reg[0]_2[0]                                                                                           |                5 |             32 |         6.40 |
|  ps/O[0]                                       | ps/system_i/processing_system7/inst/FCLK_RESET0_N                                                                                                  |                                                                                                                         |               20 |             32 |         1.60 |
|  adc_clk                                       | detector_timestamp/i_timestamp_logic/offset_countdown[31]_i_1_n_0                                                                                  | i_sys_ctrl/mode_o_reg[0]_2[0]                                                                                           |               10 |             32 |         3.20 |
|  adc_clk                                       | sys_bus_interconnect/for_bus[4].inst_sys_bus_cdc/reg_write_reg_3[0]                                                                                | detector_timestamp/i_timestamp_logic/SR[0]                                                                              |               16 |             32 |         2.00 |
|  adc_clk                                       | detector_timestamp/i_timestamp_filter/work_ts[2][31]_i_1_n_0                                                                                       | i_sys_ctrl/adc_rstn_reg_0                                                                                               |               20 |             32 |         1.60 |
|  adc_clk                                       | detector_timestamp/i_timestamp_filter/work_ts[1][31]_i_1_n_0                                                                                       | i_sys_ctrl/adc_rstn_reg_0                                                                                               |               19 |             32 |         1.68 |
|  adc_clk                                       | detector_timestamp/i_timestamp_filter/work_ts[3][31]_i_1_n_0                                                                                       | i_sys_ctrl/adc_rstn_reg_0                                                                                               |               19 |             32 |         1.68 |
|  adc_clk                                       | detector_timestamp/i_timestamp_filter/work_ts[6][31]_i_1_n_0                                                                                       | i_sys_ctrl/adc_rstn_reg_0                                                                                               |               15 |             32 |         2.13 |
|  adc_clk                                       | detector_timestamp/i_timestamp_filter/work_ts[5][31]_i_1_n_0                                                                                       | i_sys_ctrl/adc_rstn_reg_0                                                                                               |               15 |             32 |         2.13 |
|  adc_clk                                       | detector_timestamp/i_timestamp_filter/work_ts[7][31]_i_1_n_0                                                                                       | i_sys_ctrl/adc_rstn_reg_0                                                                                               |               10 |             32 |         3.20 |
|  adc_clk                                       | detector_timestamp/i_timestamp_logic/counter[31]_i_1_n_0                                                                                           | i_sys_ctrl/mode_o_reg[0]_2[0]                                                                                           |                9 |             32 |         3.56 |
|  adc_clk                                       | sys_bus_interconnect/for_bus[5].inst_sys_bus_cdc/reg_read_reg_0                                                                                    | pid_test_instance/i_piezo_soft_output/SR[0]                                                                             |               14 |             32 |         2.29 |
|  adc_clk                                       | sys_bus_interconnect/for_bus[2].inst_sys_bus_cdc/bus_m\\.addr_reg[2]_0[0]                                                                          | detector_timestamp/i_timestamp_logic/SR[0]                                                                              |                8 |             32 |         4.00 |
|  adc_clk                                       | sys_bus_interconnect/for_bus[5].inst_sys_bus_cdc/bus_m\\.addr_reg[4]_2[0]                                                                          | pid_test_instance/i_piezo_soft_output/SR[0]                                                                             |                9 |             32 |         3.56 |
|  adc_clk                                       | sys_bus_interconnect/for_bus[4].inst_sys_bus_cdc/reg_read_reg_0                                                                                    | detector_timestamp/i_timestamp_logic/SR[0]                                                                              |               17 |             32 |         1.88 |
|  adc_clk                                       | sys_bus_interconnect/for_bus[4].inst_sys_bus_cdc/reg_write_reg_1[0]                                                                                | detector_timestamp/i_timestamp_logic/SR[0]                                                                              |               14 |             32 |         2.29 |
|  adc_clk                                       | sys_bus_interconnect/for_bus[3].inst_sys_bus_cdc/reg_read_reg_0                                                                                    | detector_timestamp/i_timestamp_logic/SR[0]                                                                              |               19 |             32 |         1.68 |
|  adc_clk                                       | sys_bus_interconnect/for_bus[4].inst_sys_bus_cdc/reg_write_reg_6[0]                                                                                | detector_timestamp/i_timestamp_logic/SR[0]                                                                              |               15 |             32 |         2.13 |
|  adc_clk                                       | adc_rstn_reg_n_0                                                                                                                                   |                                                                                                                         |               14 |             32 |         2.29 |
|  adc_clk                                       | sys_bus_interconnect/for_bus[2].inst_sys_bus_cdc/reg_read_reg_0                                                                                    | detector_timestamp/i_timestamp_logic/SR[0]                                                                              |                9 |             32 |         3.56 |
|  adc_clk                                       | sys_bus_interconnect/for_bus[2].inst_sys_bus_cdc/bus_m\\.addr_reg[16]_0[0]                                                                         | detector_timestamp/i_timestamp_logic/SR[0]                                                                              |               11 |             32 |         2.91 |
|  adc_clk                                       | sys_bus_interconnect/for_bus[3].inst_sys_bus_cdc/bus_m\\.addr_reg[4]_0[0]                                                                          | detector_timestamp/i_timestamp_logic/SR[0]                                                                              |               13 |             32 |         2.46 |
|  adc_clk                                       | sys_bus_interconnect/for_bus[3].inst_sys_bus_cdc/bus_m\\.addr_reg[3]_0[0]                                                                          | detector_timestamp/i_timestamp_logic/SR[0]                                                                              |                9 |             32 |         3.56 |
|  adc_clk                                       | detector_timestamp/i_timestamp_filter/work_ts[0][31]_i_1_n_0                                                                                       | i_sys_ctrl/adc_rstn_reg_0                                                                                               |               22 |             32 |         1.45 |
|  adc_clk                                       | sys_bus_interconnect/for_bus[3].inst_sys_bus_cdc/bus_m\\.addr_reg[2]_0[0]                                                                          | detector_timestamp/i_timestamp_logic/SR[0]                                                                              |               11 |             32 |         2.91 |
|  adc_clk                                       | sys_bus_interconnect/for_bus[3].inst_sys_bus_cdc/bus_m\\.addr_reg[5]_0[0]                                                                          | detector_timestamp/i_timestamp_logic/SR[0]                                                                              |               12 |             32 |         2.67 |
|  adc_clk                                       | pid_test_instance/i_pid_logic/term_p[31]_i_1_n_0                                                                                                   | i_sys_ctrl/mode_o_reg[1]_1                                                                                              |               14 |             32 |         2.29 |
|  adc_clk                                       | pid_test_instance/i_pid_logic/term_i                                                                                                               | i_sys_ctrl/mode_o_reg[1]_1                                                                                              |                9 |             32 |         3.56 |
|  adc_clk                                       | pid_test_instance/i_pid_logic/integrator[31]_i_1_n_0                                                                                               | i_sys_ctrl/mode_o_reg[1]_1                                                                                              |               10 |             32 |         3.20 |
|  ps/system_i/processing_system7/inst/FCLK_CLK3 | ps/system_i/axi_protocol_converter_0/inst/gen_axilite.gen_b2s_conv.axilite_b2s/SI_REG/ar.ar_pipe/s_ready_i_reg_0                                   |                                                                                                                         |                6 |             32 |         5.33 |
|  ps/system_i/processing_system7/inst/FCLK_CLK3 | ps/system_i/axi_protocol_converter_0/inst/gen_axilite.gen_b2s_conv.axilite_b2s/SI_REG/aw.aw_pipe/s_ready_i_reg_0                                   |                                                                                                                         |                7 |             32 |         4.57 |
|  adc_clk                                       | sys_bus_interconnect/for_bus[4].inst_sys_bus_cdc/reg_write_reg_0[0]                                                                                | detector_timestamp/i_timestamp_logic/SR[0]                                                                              |               17 |             32 |         1.88 |
|  adc_clk                                       | sys_bus_interconnect/for_bus[4].inst_sys_bus_cdc/reg_write_reg_2[0]                                                                                | detector_timestamp/i_timestamp_logic/SR[0]                                                                              |               16 |             32 |         2.00 |
|  ps/system_i/processing_system7/inst/FCLK_CLK3 | ps/system_i/axi_register_slice_0/inst/ar.ar_pipe/m_payload_i[61]_i_1__0_n_0                                                                        |                                                                                                                         |                7 |             32 |         4.57 |
|  ps/system_i/processing_system7/inst/FCLK_CLK3 | ps/system_i/axi_register_slice_0/inst/aw.aw_pipe/m_payload_i[61]_i_1_n_0                                                                           |                                                                                                                         |                9 |             32 |         3.56 |
|  adc_clk                                       | detector_timestamp/i_timestamp_filter/work_ts[4][31]_i_1_n_0                                                                                       | i_sys_ctrl/adc_rstn_reg_0                                                                                               |               19 |             32 |         1.68 |
|  adc_clk                                       | generator_ramp/i_ramp_logic/acc_1                                                                                                                  | detector_timestamp/i_timestamp_logic/SR[0]                                                                              |               11 |             32 |         2.91 |
|  adc_clk                                       | detector_timestamp/i_timestamp_logic/ts_7_int                                                                                                      | i_sys_ctrl/mode_o_reg[0]_2[0]                                                                                           |                5 |             32 |         6.40 |
|  adc_clk                                       | detector_timestamp/i_timestamp_logic/ts_8_int                                                                                                      | i_sys_ctrl/mode_o_reg[0]_2[0]                                                                                           |                7 |             32 |         4.57 |
|  ps/system_i/processing_system7/inst/FCLK_CLK3 | ps/system_i/axi_protocol_converter_0/inst/gen_axilite.gen_b2s_conv.axilite_b2s/RD.ar_channel_0/ar_cmd_fsm_0/m_valid_i_reg_1[0]                     |                                                                                                                         |                6 |             32 |         5.33 |
|  adc_clk                                       | detector_timestamp/i_timestamp_logic/ts_5_int                                                                                                      | i_sys_ctrl/mode_o_reg[0]_2[0]                                                                                           |                5 |             32 |         6.40 |
|  adc_clk                                       | detector_timestamp/i_timestamp_logic/ts_6_int                                                                                                      | i_sys_ctrl/mode_o_reg[0]_2[0]                                                                                           |                5 |             32 |         6.40 |
|  adc_clk                                       | sys_bus_interconnect/for_bus[5].inst_sys_bus_cdc/reg_write_reg_0[0]                                                                                | pid_test_instance/i_piezo_soft_output/SR[0]                                                                             |               13 |             32 |         2.46 |
|  adc_clk                                       | detector_timestamp/i_timestamp_logic/ts_4_int                                                                                                      | i_sys_ctrl/mode_o_reg[0]_2[0]                                                                                           |                6 |             32 |         5.33 |
|  adc_clk                                       | detector_timestamp/i_timestamp_logic/ts_3_int                                                                                                      | i_sys_ctrl/mode_o_reg[0]_2[0]                                                                                           |                5 |             32 |         6.40 |
|  adc_clk                                       |                                                                                                                                                    | pid_test_instance/i_piezo_soft_output/SR[0]                                                                             |               12 |             33 |         2.75 |
|  ps/system_i/processing_system7/inst/FCLK_CLK3 | ps/system_i/axi_protocol_converter_0/inst/gen_axilite.gen_b2s_conv.axilite_b2s/SI_REG/r.r_pipe/p_1_in                                              |                                                                                                                         |                5 |             33 |         6.60 |
|  ps/system_i/processing_system7/inst/FCLK_CLK3 | ps/system_i/axi_protocol_converter_0/inst/gen_axilite.gen_b2s_conv.axilite_b2s/SI_REG/r.r_pipe/s_ready_i_reg_0                                     |                                                                                                                         |                6 |             33 |         5.50 |
|  ps/system_i/processing_system7/inst/FCLK_CLK3 | ps/system_i/axi_register_slice_0/inst/r.r_pipe/s_ready_i_reg_0                                                                                     |                                                                                                                         |                7 |             33 |         4.71 |
|  ps/system_i/processing_system7/inst/FCLK_CLK3 | ps/system_i/axi_register_slice_0/inst/r.r_pipe/p_1_in_0                                                                                            |                                                                                                                         |                7 |             33 |         4.71 |
|  ps/O[0]                                       | ps/axi_slave_gp0/rd_arid                                                                                                                           |                                                                                                                         |                8 |             35 |         4.38 |
|  ps/O[0]                                       | ps/axi_slave_gp0/wr_awid                                                                                                                           |                                                                                                                         |               10 |             35 |         3.50 |
|  adc_clk                                       |                                                                                                                                                    |                                                                                                                         |               12 |             41 |         3.42 |
|  adc_clk                                       | pid_test_instance/i_pid_logic/mult_in_a[31]_i_1_n_0                                                                                                | i_sys_ctrl/mode_o_reg[1]_1                                                                                              |               14 |             46 |         3.29 |
|  ps/O[0]                                       |                                                                                                                                                    | ps/bbstub_FCLK_RESET0_N[0]                                                                                              |               16 |             52 |         3.25 |
|  adc_clk                                       | sys_bus_interconnect/for_bus[2].inst_sys_bus_cdc/bus_m\\.addr0                                                                                     |                                                                                                                         |               17 |             52 |         3.06 |
|  adc_clk                                       | sys_bus_interconnect/for_bus[3].inst_sys_bus_cdc/bus_m\\.addr0                                                                                     |                                                                                                                         |               20 |             52 |         2.60 |
|  adc_clk                                       | sys_bus_interconnect/for_bus[4].inst_sys_bus_cdc/bus_m\\.addr0                                                                                     |                                                                                                                         |               21 |             52 |         2.48 |
|  adc_clk                                       | sys_bus_interconnect/for_bus[5].inst_sys_bus_cdc/bus_m\\.addr0                                                                                     |                                                                                                                         |               15 |             52 |         3.47 |
|  adc_clk                                       | i_hk/dna_value0                                                                                                                                    | detector_timestamp/i_timestamp_logic/SR[0]                                                                              |               11 |             57 |         5.18 |
|  adc_clk                                       | detector_timestamp/i_timestamp_filter/val_cur                                                                                                      | i_sys_ctrl/adc_rstn_reg_0                                                                                               |               64 |             64 |         1.00 |
|  adc_clk                                       | pid_test_instance/i_pid_logic/prev_error                                                                                                           | i_sys_ctrl/mode_o_reg[1]_1                                                                                              |               23 |             64 |         2.78 |
|  ps/system_i/processing_system7/inst/FCLK_CLK3 |                                                                                                                                                    | ps/system_i/xadc/inst/AXI_LITE_IPIF_I/I_SLAVE_ATTACHMENT/reset2ip_reset                                                 |               40 |            115 |         2.88 |
|  ps/system_i/processing_system7/inst/FCLK_CLK3 |                                                                                                                                                    |                                                                                                                         |               43 |            119 |         2.77 |
|  adc_clk                                       |                                                                                                                                                    | detector_timestamp/i_timestamp_logic/SR[0]                                                                              |               46 |            128 |         2.78 |
|  adc_clk                                       | i_sys_ctrl/adc_rstn_reg[0]                                                                                                                         |                                                                                                                         |               60 |            256 |         4.27 |
|  adc_clk                                       | detector_timestamp/i_timestamp_logic/done_i_1_n_0                                                                                                  | i_sys_ctrl/mode_o_reg[0]_2[0]                                                                                           |               72 |            261 |         3.62 |
|  adc_clk                                       | detector_timestamp/i_timestamp_filter/E[0]                                                                                                         | detector_timestamp/i_timestamp_logic/SR[0]                                                                              |               64 |            263 |         4.11 |
+------------------------------------------------+----------------------------------------------------------------------------------------------------------------------------------------------------+-------------------------------------------------------------------------------------------------------------------------+------------------+----------------+--------------+


